// Jest Snapshot v1, https://goo.gl/fbAQLP

exports[`Test DisplayText matches snapshot 1`] = `
<body>
  <div>
    <form>
      <div>
        <label>
          Enter Your Name
        </label>
      </div>
      <div>
        <input
          data-testid="user-input"
          type="text"
          value=""
        />
      </div>
      <div>
        <button
          data-testid="input-submit"
        >
          Show Message
        </button>
      </div>
      <div>
        <label
          data-testid="final-msg"
        />
      </div>
      <div>
        this is just a test entry
      </div>
      <ul
        style="margin-top: 1rem; list-style-type: none;"
      />
    </form>
  </div>
</body>
`;
